I'm sorry, but errors were detected in your script. Please correct the
errors listed below, and try again.


File "game/script.rpy", line 224: expected statement.
    redHouseFound = True
                  ^

Ren'Py Version: Ren'Py 7.4.2.1292
Tue Feb 16 04:38:16 2021
